// Jest Snapshot v1, https://goo.gl/fbAQLP

exports[`renders correctly 1`] = `
<div
  className="content"
>
  <div
    foo="bar"
  >
    NavBar
  </div>
  <div
    foo="bar"
  >
    Router
  </div>
</div>
`;
