// Jest Snapshot v1, https://goo.gl/fbAQLP

exports[`render renders correctly 1`] = `
<div
  currentUser={
    Object {
      "albums": Array [
        Object {
          "id": 1,
          "name": "123",
        },
        Object {
          "id": 2,
          "name": "345",
        },
      ],
    }
  }
  match={
    Object {
      "params": Object {
        "id": 123,
      },
    }
  }
  title="Adicione um membro ao Ã¡lbum"
>
  Dialog - 
  <div
    name="albumUsers"
    path="/album_users"
    render={[Function]}
    renderCreated={[Function]}
  >
    New - 
    <div
      initialValues={
        Object {
          "email": "",
        }
      }
      onSubmit={[Function]}
      render={[Function]}
      validate={[Function]}
    >
      New
    </div>
     - 
    <div
      to="/albums/123/member/success"
    >
      Redirect
    </div>
  </div>
</div>
`;
