// Jest Snapshot v1, https://goo.gl/fbAQLP

exports[`renders correctly 1`] = `
<div
  to="/users/3/messages/success"
>
  Redirect
</div>
`;
