// Jest Snapshot v1, https://goo.gl/fbAQLP

exports[`renders correctly 1`] = `
<div
  bar="foo"
  current={
    Object {
      "bar": "foo",
    }
  }
  info={
    Object {
      "listImageUrl": "list-url",
      "name": "foo-name",
    }
  }
>
  Info
</div>
`;
