// Jest Snapshot v1, https://goo.gl/fbAQLP

exports[`renders correctly 1`] = `
<button
  className="MuiButtonBase-root-27 MuiButton-root-1 MuiButton-contained-12 MuiButton-containedPrimary-13 MuiButton-raised-15 MuiButton-raisedPrimary-16"
  disabled={false}
  foobar="foo"
  onBlur={[Function]}
  onFocus={[Function]}
  onKeyDown={[Function]}
  onKeyUp={[Function]}
  onMouseDown={[Function]}
  onMouseLeave={[Function]}
  onMouseUp={[Function]}
  onTouchEnd={[Function]}
  onTouchMove={[Function]}
  onTouchStart={[Function]}
  tabIndex="0"
  type="button"
>
  <span
    className="MuiButton-label-2"
  >
    Comparação de materiais
    <svg
      aria-hidden="true"
      className="MuiSvgIcon-root-30"
      color={undefined}
      focusable="false"
      role="presentation"
      style={
        Object {
          "marginLeft": 8,
        }
      }
      viewBox="0 0 24 24"
    >
      <path
        d="M12 8l-6 6 1.41 1.41L12 10.83l4.59 4.58L18 14z"
      />
      <path
        d="M0 0h24v24H0z"
        fill="none"
      />
    </svg>
  </span>
  <span
    className="MuiTouchRipple-root-39"
  />
</button>
`;
