// Jest Snapshot v1, https://goo.gl/fbAQLP

exports[`renders correctly 1`] = `
<div
  id={123}
  name="questionnaires"
  path="/questionnaires?about_type=foo"
  render={[Function]}
/>
`;
