// Jest Snapshot v1, https://goo.gl/fbAQLP

exports[` id renders correctly 1`] = `
<div
  id={1234}
  name="users"
  render={[Function]}
  renderUpdated={[Function]}
>
  Edit - 
  <div
    foo="bar"
    id={1234}
  >
    Edit Form
  </div>
   
  <div
    to="/profile"
  >
    Redirect
  </div>
</div>
`;
