// Jest Snapshot v1, https://goo.gl/fbAQLP

exports[`renders correctly 1`] = `
<div
  className="MuiGrid-item-2 MuiGrid-grid-xs-12-41"
>
  <p
    className="MuiTypography-root-98 MuiTypography-body1-107 MuiTypography-colorInherit-127"
  >
    <div
      style={
        Object {
          "textDecoration": "none",
        }
      }
      to={
        Object {
          "pathname": "/auth/sign-up",
          "state": Object {
            "referrer": "foo",
          },
        }
      }
    >
      Link - 
      Cadastre-se
    </div>
     
    <span>
      para ver os endere√ßos do fornecedor.
    </span>
  </p>
</div>
`;

exports[`with current user renders correctly 1`] = `
Array [
  <div
    currentUser={Object {}}
    location={
        Object {
            "pathname": "foo",
          }
    }
    supplier={Object {}}
>
    New - 
</div>,
  <div
    currentUser={Object {}}
    location={
        Object {
            "pathname": "foo",
          }
    }
    supplier={Object {}}
>
    List - 
</div>,
]
`;
