// Jest Snapshot v1, https://goo.gl/fbAQLP

exports[`renders correctly 1`] = `
<div
  createError={undefined}
  creating={undefined}
  foo="bar"
  id={123}
  onSubmit={[Function]}
>
  Form - 
</div>
`;
