// Jest Snapshot v1, https://goo.gl/fbAQLP

exports[`when it does not match renders correctly 1`] = `
Array [
  <div>
    NavBar
</div>,
  <div
    handleScroll={[Function]}
>
    <div>
        Introduction
    </div>
</div>,
  <div
    handleScroll={[Function]}
>
    <div>
        HowToUseIt
    </div>
</div>,
  <div
    handleScroll={[Function]}
>
    <div>
        Explore
    </div>
</div>,
]
`;

exports[`when it matches renders correctly 1`] = `
Array [
  <div>
    NavBar
</div>,
  <div
    handleScroll={[Function]}
>
    <div>
        Introduction
    </div>
</div>,
  <div
    handleScroll={[Function]}
>
    <div>
        HowToUseIt
    </div>
</div>,
  <div
    handleScroll={[Function]}
>
    <div>
        Explore
    </div>
</div>,
]
`;
