// Jest Snapshot v1, https://goo.gl/fbAQLP

exports[`renders correctly 1`] = `
<div
  style={
    Object {
      "padding": "40px",
      "textAlign": "center",
      "width": "100%",
    }
  }
>
  <div>
    CircularProgress
  </div>
</div>
`;
