// Jest Snapshot v1, https://goo.gl/fbAQLP

exports[`renders correctly 1`] = `
<div
  style={
    Object {
      "foo": "style",
    }
  }
  tooltip="Baixar ficha tÃ©cnica"
  url="foo-url"
>
  FileDownloadIcon
</div>
`;
