// Jest Snapshot v1, https://goo.gl/fbAQLP

exports[`renders correctly 1`] = `
<div
  style={
    Object {
      "padding": 20,
      "textAlign": "center",
    }
  }
>
  <h1
    className="MuiTypography-root-1 MuiTypography-headline-6 MuiTypography-colorError-24"
  >
    Error
  </h1>
</div>
`;
