// Jest Snapshot v1, https://goo.gl/fbAQLP

exports[`renders correctly 1`] = `
<div
  to="/materials/1234?reload=true"
>
  Redirect
</div>
`;
