// Jest Snapshot v1, https://goo.gl/fbAQLP

exports[`renders correctly 1`] = `
<div
  bar="foo"
  foo="bar"
>
  Info
</div>
`;
