// Jest Snapshot v1, https://goo.gl/fbAQLP

exports[`renders correctly 1`] = `
<div
  name="topics"
  render={[Function]}
  renderCreated={[Function]}
>
  New - 
  <div
    bar="foo"
    foo="bar"
  >
    renderNew
  </div>
   - 
  <div
    bar="foo"
  >
    renderCreated
  </div>
</div>
`;
