// Jest Snapshot v1, https://goo.gl/fbAQLP

exports[`renders correctly 1`] = `
<div
  style={
    Object {
      "textAlign": "right",
    }
  }
>
  <div
    style={
      Object {
        "textDecoration": "none",
      }
    }
    to="/forum/new"
  >
    <button
      className="MuiButtonBase-root-17 MuiButton-root-1 MuiButton-raised-7 MuiButton-raisedPrimary-8"
      disabled={false}
      onBlur={[Function]}
      onFocus={[Function]}
      onKeyDown={[Function]}
      onKeyUp={[Function]}
      onMouseDown={[Function]}
      onMouseLeave={[Function]}
      onMouseUp={[Function]}
      onTouchEnd={[Function]}
      onTouchMove={[Function]}
      onTouchStart={[Function]}
      style={
        Object {
          "marginBottom": 24,
        }
      }
      tabIndex="0"
      type="button"
    >
      <span
        className="MuiButton-label-2"
      >
        Iniciar conversa
      </span>
      <span
        className="MuiTouchRipple-root-20"
      />
    </button>
  </div>
  <div
    name="topics"
    render={[Function]}
  />
</div>
`;
