// Jest Snapshot v1, https://goo.gl/fbAQLP

exports[`renders correctly 1`] = `
<div
  foo="bar"
  initialValues="foo-values"
  onSubmit={[Function]}
  updateError={[Function]}
  updating={[Function]}
>
  Form - 
</div>
`;
