// Jest Snapshot v1, https://goo.gl/fbAQLP

exports[`renders correctly 1`] = `
<div
  className="MuiPaper-root-2 MuiPaper-elevation2-6 MuiPaper-rounded-3 MuiCard-root-1"
>
  <ul
    className="MuiList-root-29 MuiList-padding-30"
  >
    <div
      style={
        Object {
          "textDecoration": "none",
        }
      }
      to="/forum/123"
    >
      <div
        className="MuiButtonBase-root-43 MuiListItem-root-33 MuiListItem-default-36 MuiListItem-gutters-40 MuiListItem-button-41"
        onBlur={[Function]}
        onFocus={[Function]}
        onKeyDown={[Function]}
        onKeyUp={[Function]}
        onMouseDown={[Function]}
        onMouseLeave={[Function]}
        onMouseUp={[Function]}
        onTouchEnd={[Function]}
        onTouchMove={[Function]}
        onTouchStart={[Function]}
        role="button"
        tabIndex="0"
      >
        <div
          className="MuiAvatar-root-46 MuiAvatar-colorDefault-47"
        >
          <svg
            aria-hidden="true"
            className="MuiSvgIcon-root-49"
            color={undefined}
            focusable="false"
            viewBox="0 0 24 24"
          >
            <g>
              <path
                d="M12 12c2.21 0 4-1.79 4-4s-1.79-4-4-4-4 1.79-4 4 1.79 4 4 4zm0 2c-2.67 0-8 1.34-8 4v2h16v-2c0-2.66-5.33-4-8-4z"
              />
            </g>
          </svg>
        </div>
        <div
          className="MuiListItemText-root-55"
        >
          <h3
            className="MuiTypography-root-61 MuiTypography-subheading-68 MuiListItemText-primary-58"
          >
            Foo subject
          </h3>
          <p
            className="MuiTypography-root-61 MuiTypography-body1-70 MuiTypography-colorTextSecondary-83 MuiListItemText-secondary-59"
          >
            Criado por Foo Bar h치 segundos atr치s
          </p>
        </div>
        <span
          className="MuiTouchRipple-root-85"
        />
      </div>
    </div>
    <div
      style={
        Object {
          "textDecoration": "none",
        }
      }
      to="/forum/321"
    >
      <div
        className="MuiButtonBase-root-43 MuiListItem-root-33 MuiListItem-default-36 MuiListItem-gutters-40 MuiListItem-button-41"
        onBlur={[Function]}
        onFocus={[Function]}
        onKeyDown={[Function]}
        onKeyUp={[Function]}
        onMouseDown={[Function]}
        onMouseLeave={[Function]}
        onMouseUp={[Function]}
        onTouchEnd={[Function]}
        onTouchMove={[Function]}
        onTouchStart={[Function]}
        role="button"
        tabIndex="0"
      >
        <div
          className="MuiAvatar-root-46 MuiAvatar-colorDefault-47"
        >
          <svg
            aria-hidden="true"
            className="MuiSvgIcon-root-49"
            color={undefined}
            focusable="false"
            viewBox="0 0 24 24"
          >
            <g>
              <path
                d="M12 12c2.21 0 4-1.79 4-4s-1.79-4-4-4-4 1.79-4 4 1.79 4 4 4zm0 2c-2.67 0-8 1.34-8 4v2h16v-2c0-2.66-5.33-4-8-4z"
              />
            </g>
          </svg>
        </div>
        <div
          className="MuiListItemText-root-55"
        >
          <h3
            className="MuiTypography-root-61 MuiTypography-subheading-68 MuiListItemText-primary-58"
          >
            Bar subject
          </h3>
          <p
            className="MuiTypography-root-61 MuiTypography-body1-70 MuiTypography-colorTextSecondary-83 MuiListItemText-secondary-59"
          >
            Criado por Bar Foo h치 segundos atr치s
          </p>
        </div>
        <span
          className="MuiTouchRipple-root-85"
        />
      </div>
    </div>
  </ul>
</div>
`;
