// Jest Snapshot v1, https://goo.gl/fbAQLP

exports[`render correctly 1`] = `
<label
  className="MuiFormControlLabel-root-1"
  style={
    Object {
      "margin": 0,
    }
  }
>
  <span
    className="MuiButtonBase-root-19 MuiIconButton-root-13 MuiSwitchBase-root-9 MuiRadio-root-4 MuiRadio-colorSecondary-8"
    onBlur={[Function]}
    onFocus={[Function]}
    onKeyDown={[Function]}
    onKeyUp={[Function]}
    onMouseDown={[Function]}
    onMouseLeave={[Function]}
    onMouseUp={[Function]}
    onTouchEnd={[Function]}
    onTouchMove={[Function]}
    onTouchStart={[Function]}
    role={undefined}
    tabIndex={null}
  >
    <span
      className="MuiIconButton-label-18"
    >
      <svg
        aria-hidden="true"
        className="MuiSvgIcon-root-22"
        color={undefined}
        focusable="false"
        viewBox="0 0 24 24"
      >
        <path
          d="M12 2C6.48 2 2 6.48 2 12s4.48 10 10 10 10-4.48 10-10S17.52 2 12 2zm0 18c-4.42 0-8-3.58-8-8s3.58-8 8-8 8 3.58 8 8-3.58 8-8 8z"
        />
      </svg>
      <input
        checked={false}
        className="MuiSwitchBase-input-12"
        disabled={undefined}
        id={undefined}
        name="category-root-321"
        onChange={[Function]}
        tabIndex={undefined}
        type="radio"
        value="foo-name"
      />
    </span>
    <span
      className="MuiTouchRipple-root-28"
    />
  </span>
  <span
    className="MuiTypography-root-35 MuiTypography-body1-44 MuiFormControlLabel-label-3"
  >
    foo-name
  </span>
</label>
`;
