// Jest Snapshot v1, https://goo.gl/fbAQLP

exports[`render correctly 1`] = `
<div
  bar="foo"
  expandedCategories={Array []}
  match={
    Object {
      "params": Object {
        "id": "1234",
      },
    }
  }
  onChangeExpanded={[Function]}
  render={[Function]}
  title="Editar informações técnicas"
>
  Dialog - 
  <div
    name="categories"
    render={[Function]}
  >
    List -
    <div
      bar="foo"
      expandedCategories={Array []}
      list={undefined}
      match={
        Object {
          "params": Object {
            "id": "1234",
          },
        }
      }
      onChangeExpanded={[Function]}
      render={[Function]}
    >
      renderList
    </div>
  </div>
</div>
`;
