// Jest Snapshot v1, https://goo.gl/fbAQLP

exports[`renders correctly 1`] = `
<div
  aria-labelledby="responsive-dialog-title"
  fullScreen={false}
  fullWidth={true}
  maxWidth="md"
  onBackdropClick={[Function]}
  onEscapeKeyDown={[Function]}
  open={true}
>
  Dialog - 
  <div
    className="MuiDialogTitle-root-1"
    id="responsive-dialog-title"
  >
    <h2
      className="MuiTypography-root-2 MuiTypography-title-8"
    >
      Alterar imagem
    </h2>
  </div>
  <div
    className="MuiDialogContent-root-37"
  />
  <div
    className="MuiDialogActions-root-38"
  >
    <button
      className="MuiButtonBase-root-66 MuiButton-root-40 MuiButton-text-42 MuiButton-textPrimary-43 MuiButton-flat-45 MuiButton-flatPrimary-46 MuiDialogActions-action-39"
      disabled={false}
      onBlur={[Function]}
      onClick={[Function]}
      onFocus={[Function]}
      onKeyDown={[Function]}
      onKeyUp={[Function]}
      onMouseDown={[Function]}
      onMouseLeave={[Function]}
      onMouseUp={[Function]}
      onTouchEnd={[Function]}
      onTouchMove={[Function]}
      onTouchStart={[Function]}
      tabIndex="0"
      type="button"
    >
      <span
        className="MuiButton-label-41"
      >
        Cancelar
      </span>
      <span
        className="MuiTouchRipple-root-69"
      />
    </button>
    <button
      className="MuiButtonBase-root-66 MuiButton-root-40 MuiButton-text-42 MuiButton-textPrimary-43 MuiButton-flat-45 MuiButton-flatPrimary-46 MuiDialogActions-action-39"
      disabled={false}
      onBlur={[Function]}
      onClick={undefined}
      onFocus={[Function]}
      onKeyDown={[Function]}
      onKeyUp={[Function]}
      onMouseDown={[Function]}
      onMouseLeave={[Function]}
      onMouseUp={[Function]}
      onTouchEnd={[Function]}
      onTouchMove={[Function]}
      onTouchStart={[Function]}
      tabIndex="0"
      type="button"
    >
      <span
        className="MuiButton-label-41"
      >
        Salvar
      </span>
      <span
        className="MuiTouchRipple-root-69"
      />
    </button>
  </div>
</div>
`;
