// Jest Snapshot v1, https://goo.gl/fbAQLP

exports[`renders correctly 1`] = `
<div
  create={undefined}
  foo="bar"
  list={undefined}
>
  List
</div>
`;
