// Jest Snapshot v1, https://goo.gl/fbAQLP

exports[`render correctly 1`] = `
<div
  created={
    Object {
      "questionId": 1234,
    }
  }
  foo="bar"
>
  Created
</div>
`;
